Microchip MPLAB XC8 Compiler V1.45 ()

Linker command line:

-W-3 --edf=C:\Program Files (x86)\Microchip\xc8\v1.45\dat\en_msgs.txt -cs \
  -h+dist/default/production\redes_firmware.X.production.sym \
  --cmf=dist/default/production\redes_firmware.X.production.cmf -z \
  -Q18F4550 -oC:\Users\LUISFE~1\AppData\Local\Temp\s42g.2 \
  -Mdist/default/production/redes_firmware.X.production.map -E1 -ver=XC8 \
  -ASTACK=0140h-07ffh -pstack=STACK -ACODE=00h-07FFFh -ACONST=00h-07FFFh \
  -ASMALLCONST=0800h-08FFhx120 -AMEDIUMCONST=0800h-07FFFh -ACOMRAM=01h-05Fh \
  -AABS1=00h-07FFh -ABIGRAM=01h-07FFh -ARAM=060h-0FFh,0100h-01FFhx7 \
  -ABANK0=060h-0FFh -ABANK1=0100h-01FFh -ABANK2=0200h-02FFh \
  -ABANK3=0300h-03FFh -ABANK4=0400h-04FFh -ABANK5=0500h-05FFh \
  -ABANK6=0600h-06FFh -ABANK7=0700h-07FFh -ASFR=0F60h-0FFFh \
  -preset_vec=00h,intcode,intcodelo,powerup,init -pramtop=0800h \
  -psmallconst=SMALLCONST -pmediumconst=MEDIUMCONST -pconst=CONST \
  -AFARRAM=00h-00h -ACONFIG=0300000h-030000Dh -pconfig=CONFIG \
  -AIDLOC=0200000h-0200007h -pidloc=IDLOC -AEEDATA=0F00000h-0F000FFh \
  -peeprom_data=EEDATA \
  -prdata=COMRAM,nvrram=COMRAM,nvbit=COMRAM,rbss=COMRAM,rbit=COMRAM \
  -pfarbss=FARRAM,fardata=FARRAM,nvFARRAM=FARRAM \
  -pintsave_regs=BIGRAM,bigbss=BIGRAM,bigdata=BIGRAM -pbss=RAM \
  -pidata=CODE,irdata=CODE,ibigdata=CODE,ifardata=CODE -prparam=COMRAM \
  C:\Users\LUISFE~1\AppData\Local\Temp\s42g.obj \
  dist/default/production\redes_firmware.X.production.obj 

Object code version is 3.11

Machine type is 18F4550

Call graph: (short form)




                Name                               Link     Load   Length Selector   Space Scale
C:\Users\LUISFE~1\AppData\Local\Temp\s42g.obj
                init                                  0        0        4        0       0
                idloc                            200000   200000        8   200000       0
                config                           300000   300000        E   300000       0
dist/default/production\redes_firmware.X.production.obj
                text8                              7A44     7A44       36     3D22       0
                text7                              7C6A     7C6A      158     3E35       0
                text6                              7AB6     7AB6       4A     3D5B       0
                text5                              7A7A     7A7A       3C     3D3D       0
                text4                              7A04     7A04        E     3D02       0
                text3                              7A12     7A12       10     3D09       0
                text2                              7B6E     7B6E       FC     3DB7       0
                text1                              7B00     7B00       6E     3D80       0
                text0                              7DC2     7DC2      23E     3EE1       0
                cstackCOMRAM                          1        1       4E        1       1
                cstackBANK0                          60       60       65       60       1
                bssBANK1                            100      100       40      100       1
                bssBANK0                             C5       C5       20       60       1
                cinit                              7A22     7A22       22     3D11       0

TOTAL           Name                               Link     Load   Length     Space
        CLASS   STACK          

        CLASS   CODE           
                init                                  0        0        4         0
                text8                              7A44     7A44       36         0
                text7                              7C6A     7C6A      158         0
                text6                              7AB6     7AB6       4A         0
                text5                              7A7A     7A7A       3C         0
                text4                              7A04     7A04        E         0
                text3                              7A12     7A12       10         0
                text2                              7B6E     7B6E       FC         0
                text1                              7B00     7B00       6E         0
                text0                              7DC2     7DC2      23E         0
                cinit                              7A22     7A22       22         0

        CLASS   CONST          

        CLASS   SMALLCONST     

        CLASS   MEDIUMCONST    

        CLASS   COMRAM         
                cstackCOMRAM                          1        1       4E         1

        CLASS   ABS1           

        CLASS   BIGRAM         

        CLASS   RAM            

        CLASS   BANK0          
                cstackBANK0                          60       60       65         1
                bssBANK0                             C5       C5       20         1

        CLASS   BANK1          
                bssBANK1                            100      100       40         1

        CLASS   BANK2          

        CLASS   BANK3          

        CLASS   BANK4          

        CLASS   BANK5          

        CLASS   BANK6          

        CLASS   BANK7          

        CLASS   SFR            

        CLASS   FARRAM         

        CLASS   CONFIG         
                config                           300000   300000        E         0

        CLASS   IDLOC          
                idloc                            200000   200000        8         0

        CLASS   EEDATA         



SEGMENTS        Name                           Load    Length   Top    Selector   Space  Class

                reset_vec                      000000  000004  000004         0       0  CODE    
                cstackCOMRAM                   000001  00004E  00004F         1       1  COMRAM  
                cstackBANK0                    000060  000085  0000E5        60       1  BANK0   
                bssBANK1                       000100  000040  000140       100       1  BANK1   
                text4                          007A04  00000E  007A12      3D02       0  CODE    
                text3                          007A12  000010  007A22      3D09       0  CODE    
                cinit                          007A22  000022  007A44      3D11       0  CODE    
                text8                          007A44  000036  007A7A      3D22       0  CODE    
                text5                          007A7A  00003C  007AB6      3D3D       0  CODE    
                text6                          007AB6  00004A  007B00      3D5B       0  CODE    
                text1                          007B00  00006E  007B6E      3D80       0  CODE    
                text2                          007B6E  0000FC  007C6A      3DB7       0  CODE    
                text7                          007C6A  000158  007DC2      3E35       0  CODE    
                text0                          007DC2  00023E  008000      3EE1       0  CODE    
                idloc                          200000  000008  200008    200000       0  IDLOC   
                config                         300000  00000E  30000E    300000       0  CONFIG  


UNUSED ADDRESS RANGES

        Name                Unused          Largest block    Delta
        BANK0            0000E5-0000FF               1B
        BANK1            000140-0001FF               C0
        BANK2            000200-0002FF              100
        BANK3            000300-0003FF              100
        BANK4            000400-0004FF              100
        BANK5            000500-0005FF              100
        BANK6            000600-0006FF              100
        BANK7            000700-0007FF              100
        BIGRAM           00004F-00005F               11
                         0000E5-0000FF               1B
                         000140-0007FF              6C0
        CODE             000004-007A03             7A00
        COMRAM           00004F-00005F               11
        CONST            000004-007A03             7A00
        EEDATA           F00000-F000FF              100
        MEDIUMCONST      000800-007A03             7204
        RAM              0000E5-0000FF               1B
                         000140-0007FF              100
        SFR              000F60-000FFF               A0
        SMALLCONST       000800-007A03              100
        STACK            000140-0007FF              6C0

                                  Symbol Table

?_uart_check_rx          cstackCOMRAM 000001
_ADCON1                  (abs)        000FC1
_PORTDbits               (abs)        000F83
_RCIF                    (abs)        007CF5
_RCREG                   (abs)        000FAE
_RCSTA                   (abs)        000FAB
_RCSTAbits               (abs)        000FAB
_SPBRG                   (abs)        000FAF
_TRISDbits               (abs)        000F95
_TRMT                    (abs)        007D61
_TXIF                    (abs)        007CF4
_TXREG                   (abs)        000FAD
_TXSTA                   (abs)        000FAC
__CFG_BOR$OFF            (abs)        000000
__CFG_BORV$3             (abs)        000000
__CFG_CCP2MX$OFF         (abs)        000000
__CFG_CP0$OFF            (abs)        000000
__CFG_CP1$OFF            (abs)        000000
__CFG_CP2$OFF            (abs)        000000
__CFG_CP3$OFF            (abs)        000000
__CFG_CPB$OFF            (abs)        000000
__CFG_CPD$OFF            (abs)        000000
__CFG_CPUDIV$OSC1_PLL2   (abs)        000000
__CFG_EBTR0$OFF          (abs)        000000
__CFG_EBTR1$OFF          (abs)        000000
__CFG_EBTR2$OFF          (abs)        000000
__CFG_EBTR3$OFF          (abs)        000000
__CFG_EBTRB$OFF          (abs)        000000
__CFG_FCMEN$OFF          (abs)        000000
__CFG_FOSC$HS            (abs)        000000
__CFG_ICPRT$OFF          (abs)        000000
__CFG_IESO$OFF           (abs)        000000
__CFG_LPT1OSC$OFF        (abs)        000000
__CFG_LVP$ON             (abs)        000000
__CFG_MCLRE$ON           (abs)        000000
__CFG_PBADEN$OFF         (abs)        000000
__CFG_PLLDIV$2           (abs)        000000
__CFG_PWRT$OFF           (abs)        000000
__CFG_STVREN$OFF         (abs)        000000
__CFG_USBDIV$1           (abs)        000000
__CFG_VREGEN$OFF         (abs)        000000
__CFG_WDT$OFF            (abs)        000000
__CFG_WDTPS$32768        (abs)        000000
__CFG_WRT0$OFF           (abs)        000000
__CFG_WRT1$OFF           (abs)        000000
__CFG_WRT2$OFF           (abs)        000000
__CFG_WRT3$OFF           (abs)        000000
__CFG_WRTB$OFF           (abs)        000000
__CFG_WRTC$OFF           (abs)        000000
__CFG_WRTD$OFF           (abs)        000000
__CFG_XINST$OFF          (abs)        000000
__HRAM                   (abs)        000000
__Habs1                  abs1         000000
__Hbank0                 bank0        000000
__Hbank1                 bank1        000000
__Hbank2                 bank2        000000
__Hbank3                 bank3        000000
__Hbank4                 bank4        000000
__Hbank5                 bank5        000000
__Hbank6                 bank6        000000
__Hbank7                 bank7        000000
__Hbigbss                bigbss       000000
__Hbigdata               bigdata      000000
__Hbigram                bigram       000000
__Hbss                   bss          000000
__HbssBANK0              bssBANK0     000000
__HbssBANK1              bssBANK1     000000
__Hcinit                 cinit        000000
__Hclrtext               clrtext      000000
__Hcomram                comram       000000
__Hconfig                config       30000E
__Hconst                 const        000000
__HcstackBANK0           cstackBANK0  000000
__HcstackCOMRAM          cstackCOMRAM 000000
__Hdata                  data         000000
__Heeprom_data           eeprom_data  000000
__Hfarbss                farbss       000000
__Hfardata               fardata      000000
__Hibigdata              ibigdata     000000
__Hidata                 idata        000000
__Hidloc                 idloc        200008
__Hifardata              ifardata     000000
__Hinit                  init         000004
__Hintcode               intcode      000000
__Hintcode_body          intcode_body 000000
__Hintcodelo             intcodelo    000000
__Hintentry              intentry     000000
__Hintret                intret       000000
__Hintsave_regs          intsave_regs 000000
__Hirdata                irdata       000000
__Hmediumconst           mediumconst  000000
__HnvFARRAM              nvFARRAM     000000
__Hnvbit                 nvbit        000000
__Hnvrram                nvrram       000000
__Hparam                 rparam       000000
__Hpowerup               powerup      000000
__Hram                   ram          000000
__Hramtop                ramtop       000800
__Hrbit                  rbit         000000
__Hrbss                  rbss         000000
__Hrdata                 rdata        000000
__Hreset_vec             reset_vec    000000
__Hrparam                rparam       000000
__Hsfr                   sfr          000000
__Hsmallconst            smallconst   000000
__Hspace_0               (abs)        30000E
__Hspace_1               (abs)        000140
__Hspace_2               (abs)        000000
__Hstack                 stack        000000
__Hstruct                struct       000000
__Htemp                  temp         000000
__Htext                  text         000000
__Htext0                 text0        000000
__Htext1                 text1        000000
__Htext2                 text2        000000
__Htext3                 text3        000000
__Htext4                 text4        000000
__Htext5                 text5        000000
__Htext6                 text6        000000
__Htext7                 text7        000000
__Htext8                 text8        000000
__LRAM                   (abs)        000001
__Labs1                  abs1         000000
__Lbank0                 bank0        000000
__Lbank1                 bank1        000000
__Lbank2                 bank2        000000
__Lbank3                 bank3        000000
__Lbank4                 bank4        000000
__Lbank5                 bank5        000000
__Lbank6                 bank6        000000
__Lbank7                 bank7        000000
__Lbigbss                bigbss       000000
__Lbigdata               bigdata      000000
__Lbigram                bigram       000000
__Lbss                   bss          000000
__LbssBANK0              bssBANK0     000000
__LbssBANK1              bssBANK1     000000
__Lcinit                 cinit        000000
__Lclrtext               clrtext      000000
__Lcomram                comram       000000
__Lconfig                config       300000
__Lconst                 const        000000
__LcstackBANK0           cstackBANK0  000000
__LcstackCOMRAM          cstackCOMRAM 000000
__Ldata                  data         000000
__Leeprom_data           eeprom_data  000000
__Lfarbss                farbss       000000
__Lfardata               fardata      000000
__Libigdata              ibigdata     000000
__Lidata                 idata        000000
__Lidloc                 idloc        200000
__Lifardata              ifardata     000000
__Linit                  init         000000
__Lintcode               intcode      000000
__Lintcode_body          intcode_body 000000
__Lintcodelo             intcodelo    000000
__Lintentry              intentry     000000
__Lintret                intret       000000
__Lintsave_regs          intsave_regs 000000
__Lirdata                irdata       000000
__Lmediumconst           mediumconst  000000
__LnvFARRAM              nvFARRAM     000000
__Lnvbit                 nvbit        000000
__Lnvrram                nvrram       000000
__Lparam                 rparam       000000
__Lpowerup               powerup      000000
__Lram                   ram          000000
__Lramtop                ramtop       000800
__Lrbit                  rbit         000000
__Lrbss                  rbss         000000
__Lrdata                 rdata        000000
__Lreset_vec             reset_vec    000000
__Lrparam                rparam       000000
__Lsfr                   sfr          000000
__Lsmallconst            smallconst   000000
__Lspace_0               (abs)        000000
__Lspace_1               (abs)        000000
__Lspace_2               (abs)        000000
__Lstack                 stack        000000
__Lstruct                struct       000000
__Ltemp                  temp         000000
__Ltext                  text         000000
__Ltext0                 text0        000000
__Ltext1                 text1        000000
__Ltext2                 text2        000000
__Ltext3                 text3        000000
__Ltext4                 text4        000000
__Ltext5                 text5        000000
__Ltext6                 text6        000000
__Ltext7                 text7        000000
__Ltext8                 text8        000000
__S0                     (abs)        30000E
__S1                     (abs)        000140
__S2                     (abs)        000000
___inthi_sp              stack        000000
___intlo_sp              stack        000000
___param_bank            (abs)        000000
___rparam_used           (abs)        000001
___sp                    stack        000000
__accesstop              (abs)        000060
__activetblptr           (abs)        000002
__end_of__initialization cinit        007A3A
__end_of_calc_bcc        text8        007A7A
__end_of_check_data      text7        007DC2
__end_of_main            text0        008000
__end_of_mk_msg          text6        007B00
__end_of_uart_check_rx   text5        007AB6
__end_of_uart_init       text4        007A12
__end_of_uart_send_byte  text3        007A22
__end_of_write_cmd       text2        007C6A
__end_of_write_zero      text1        007B6E
__initialization         cinit        007A22
__mediumconst            mediumconst  000000
__pbssBANK0              bssBANK0     0000C5
__pbssBANK1              bssBANK1     000100
__pcinit                 cinit        007A22
__pcstackBANK0           cstackBANK0  000060
__pcstackCOMRAM          cstackCOMRAM 000001
__ptext0                 text0        007DC2
__ptext1                 text1        007B00
__ptext2                 text2        007B6E
__ptext3                 text3        007A12
__ptext4                 text4        007A04
__ptext5                 text5        007A7A
__ptext6                 text6        007AB6
__ptext7                 text7        007C6A
__ptext8                 text8        007A44
__ramtop                 ramtop       000800
__size_of_calc_bcc       (abs)        000000
__size_of_check_data     (abs)        000000
__size_of_main           (abs)        000000
__size_of_mk_msg         (abs)        000000
__size_of_uart_check_rx  (abs)        000000
__size_of_uart_init      (abs)        000000
__size_of_uart_send_byte (abs)        000000
__size_of_write_cmd      (abs)        000000
__size_of_write_zero     (abs)        000000
__smallconst             smallconst   000000
_calc_bcc                text8        007A44
_check_data              text7        007C6A
_check_data$335          cstackCOMRAM 000008
_check_data$336          cstackCOMRAM 00000A
_main                    text0        007DC2
_mk_msg                  text6        007AB6
_uart_check_rx           text5        007A7A
_uart_init               text4        007A04
_uart_send_byte          text3        007A12
_write_cmd               text2        007B6E
_write_zero              text1        007B00
calc_bcc@bcc             cstackCOMRAM 000003
calc_bcc@data            cstackCOMRAM 000001
calc_bcc@i               cstackCOMRAM 000004
check_data@data          cstackCOMRAM 000005
end_of_initialization    cinit        007A3A
intlevel0                text         000000
intlevel1                text         000000
intlevel2                text         000000
intlevel3                text         000000
main@F3870               bssBANK0     0000C5
main@dados               cstackBANK0  000080
main@msg                 cstackBANK0  000060
mk_msg@count             cstackCOMRAM 000003
mk_msg@data              cstackCOMRAM 000001
mk_msg@i                 cstackCOMRAM 000006
mk_msg@string            cstackCOMRAM 000004
stackhi                  (abs)        0007FF
stacklo                  (abs)        000140
start                    init         000000
start_initialization     cinit        007A22
uart_check_rx@tempo      cstackCOMRAM 000003
uart_send_byte@byte      cstackCOMRAM 000001
write_cmd@F3875          bssBANK1     000100
write_cmd@addr_to        cstackCOMRAM 000007
write_cmd@aux            cstackCOMRAM 00000D
write_cmd@data           cstackCOMRAM 000005
write_cmd@i              cstackCOMRAM 00004E
write_cmd@t              cstackCOMRAM 00004D
write_zero@dados         cstackCOMRAM 000001
write_zero@i             cstackCOMRAM 000003


FUNCTION INFORMATION:

 *************** function _main *****************
 Defined at:
		line 18 in file "main.c"
 Parameters:    Size  Location     Type
		None
 Auto vars:     Size  Location     Type
  dados          69   32[BANK0 ] struct .
  msg            32    0[BANK0 ] unsigned char [32]
 Return value:  Size  Location     Type
                  1    wreg      void 
 Registers used:
		wreg, fsr1l, fsr1h, fsr2l, fsr2h, status,2, status,0, prodl, prodh, cstack
 Tracked objects:
		On entry : 
		On exit  : 
		Unchanged: 
 Data sizes:     COMRAM   BANK0   BANK1   BANK2   BANK3   BANK4   BANK5   BANK6   BANK7
      Params:         0       0       0       0       0       0       0       0       0
      Locals:         0     101       0       0       0       0       0       0       0
      Temps:          0       0       0       0       0       0       0       0       0
      Totals:         0     101       0       0       0       0       0       0       0
Total ram usage:      101 bytes
 Hardware stack levels required when called:    2
 This function calls:
		_check_data
		_mk_msg
		_uart_check_rx
		_uart_init
		_write_cmd
		_write_zero
 This function is called by:
		Startup code after reset
 This function uses a non-reentrant model


 *************** function _write_zero *****************
 Defined at:
		line 139 in file "comunicacao.c"
 Parameters:    Size  Location     Type
  dados           2    0[COMRAM] PTR struct .
		 -> main@dados(69), 
 Auto vars:     Size  Location     Type
  i               1    2[COMRAM] unsigned char 
 Return value:  Size  Location     Type
                  1    wreg      void 
 Registers used:
		wreg, fsr2l, fsr2h, status,2, status,0, prodl, prodh
 Tracked objects:
		On entry : 
		On exit  : 
		Unchanged: 
 Data sizes:     COMRAM   BANK0   BANK1   BANK2   BANK3   BANK4   BANK5   BANK6   BANK7
      Params:         2       0       0       0       0       0       0       0       0
      Locals:         1       0       0       0       0       0       0       0       0
      Temps:          0       0       0       0       0       0       0       0       0
      Totals:         3       0       0       0       0       0       0       0       0
Total ram usage:        3 bytes
 Hardware stack levels used:    1
 This function calls:
		Nothing
 This function is called by:
		_main
 This function uses a non-reentrant model


 *************** function _write_cmd *****************
 Defined at:
		line 67 in file "comunicacao.c"
 Parameters:    Size  Location     Type
  data            2    4[COMRAM] PTR struct .
		 -> main@dados(69), 
  addr_to         1    6[COMRAM] unsigned char 
 Auto vars:     Size  Location     Type
  t               1   76[COMRAM] unsigned char 
  aux            64   12[COMRAM] unsigned char [64]
  i               1   77[COMRAM] unsigned char 
 Return value:  Size  Location     Type
                  1    wreg      void 
 Registers used:
		wreg, fsr1l, fsr1h, fsr2l, fsr2h, status,2, status,0, prodl, prodh, cstack
 Tracked objects:
		On entry : 
		On exit  : 
		Unchanged: 
 Data sizes:     COMRAM   BANK0   BANK1   BANK2   BANK3   BANK4   BANK5   BANK6   BANK7
      Params:         3       0       0       0       0       0       0       0       0
      Locals:        66       0       0       0       0       0       0       0       0
      Temps:          5       0       0       0       0       0       0       0       0
      Totals:        74       0       0       0       0       0       0       0       0
Total ram usage:       74 bytes
 Hardware stack levels used:    1
 Hardware stack levels required when called:    1
 This function calls:
		_calc_bcc
		_uart_send_byte
 This function is called by:
		_main
 This function uses a non-reentrant model


 *************** function _uart_send_byte *****************
 Defined at:
		line 50 in file "comunicacao.c"
 Parameters:    Size  Location     Type
  byte            1    wreg     unsigned char 
 Auto vars:     Size  Location     Type
  byte            1    0[COMRAM] unsigned char 
 Return value:  Size  Location     Type
                  1    wreg      void 
 Registers used:
		wreg
 Tracked objects:
		On entry : 
		On exit  : 
		Unchanged: 
 Data sizes:     COMRAM   BANK0   BANK1   BANK2   BANK3   BANK4   BANK5   BANK6   BANK7
      Params:         0       0       0       0       0       0       0       0       0
      Locals:         1       0       0       0       0       0       0       0       0
      Temps:          0       0       0       0       0       0       0       0       0
      Totals:         1       0       0       0       0       0       0       0       0
Total ram usage:        1 bytes
 Hardware stack levels used:    1
 This function calls:
		Nothing
 This function is called by:
		_write_cmd
 This function uses a non-reentrant model


 *************** function _uart_init *****************
 Defined at:
		line 9 in file "comunicacao.c"
 Parameters:    Size  Location     Type
		None
 Auto vars:     Size  Location     Type
		None
 Return value:  Size  Location     Type
                  1    wreg      void 
 Registers used:
		wreg, status,2
 Tracked objects:
		On entry : 
		On exit  : 
		Unchanged: 
 Data sizes:     COMRAM   BANK0   BANK1   BANK2   BANK3   BANK4   BANK5   BANK6   BANK7
      Params:         0       0       0       0       0       0       0       0       0
      Locals:         0       0       0       0       0       0       0       0       0
      Temps:          0       0       0       0       0       0       0       0       0
      Totals:         0       0       0       0       0       0       0       0       0
Total ram usage:        0 bytes
 Hardware stack levels used:    1
 This function calls:
		Nothing
 This function is called by:
		_main
 This function uses a non-reentrant model


 *************** function _uart_check_rx *****************
 Defined at:
		line 22 in file "comunicacao.c"
 Parameters:    Size  Location     Type
		None
 Auto vars:     Size  Location     Type
  tempo           2    2[COMRAM] unsigned int 
 Return value:  Size  Location     Type
                  2    0[COMRAM] short 
 Registers used:
		wreg, status,2, status,0
 Tracked objects:
		On entry : 
		On exit  : 
		Unchanged: 
 Data sizes:     COMRAM   BANK0   BANK1   BANK2   BANK3   BANK4   BANK5   BANK6   BANK7
      Params:         2       0       0       0       0       0       0       0       0
      Locals:         2       0       0       0       0       0       0       0       0
      Temps:          0       0       0       0       0       0       0       0       0
      Totals:         4       0       0       0       0       0       0       0       0
Total ram usage:        4 bytes
 Hardware stack levels used:    1
 This function calls:
		Nothing
 This function is called by:
		_main
 This function uses a non-reentrant model


 *************** function _mk_msg *****************
 Defined at:
		line 58 in file "comunicacao.c"
 Parameters:    Size  Location     Type
  data            2    0[COMRAM] PTR struct .
		 -> main@dados(69), 
  count           1    2[COMRAM] unsigned char 
  string          2    3[COMRAM] PTR unsigned char 
		 -> main@msg(32), 
 Auto vars:     Size  Location     Type
  i               1    5[COMRAM] unsigned char 
 Return value:  Size  Location     Type
                  1    wreg      void 
 Registers used:
		wreg, fsr1l, fsr1h, fsr2l, fsr2h, status,2, status,0, prodl, prodh
 Tracked objects:
		On entry : 
		On exit  : 
		Unchanged: 
 Data sizes:     COMRAM   BANK0   BANK1   BANK2   BANK3   BANK4   BANK5   BANK6   BANK7
      Params:         5       0       0       0       0       0       0       0       0
      Locals:         1       0       0       0       0       0       0       0       0
      Temps:          0       0       0       0       0       0       0       0       0
      Totals:         6       0       0       0       0       0       0       0       0
Total ram usage:        6 bytes
 Hardware stack levels used:    1
 This function calls:
		Nothing
 This function is called by:
		_main
 This function uses a non-reentrant model


 *************** function _check_data *****************
 Defined at:
		line 101 in file "comunicacao.c"
 Parameters:    Size  Location     Type
  data            2    4[COMRAM] PTR struct .
		 -> main@dados(69), 
 Auto vars:     Size  Location     Type
		None
 Return value:  Size  Location     Type
                  1    wreg      enum E3818
 Registers used:
		wreg, fsr1l, fsr1h, fsr2l, fsr2h, status,2, status,0, prodl, prodh, cstack
 Tracked objects:
		On entry : 
		On exit  : 
		Unchanged: 
 Data sizes:     COMRAM   BANK0   BANK1   BANK2   BANK3   BANK4   BANK5   BANK6   BANK7
      Params:         2       0       0       0       0       0       0       0       0
      Locals:         4       0       0       0       0       0       0       0       0
      Temps:          1       0       0       0       0       0       0       0       0
      Totals:         7       0       0       0       0       0       0       0       0
Total ram usage:        7 bytes
 Hardware stack levels used:    1
 Hardware stack levels required when called:    1
 This function calls:
		_calc_bcc
 This function is called by:
		_main
 This function uses a non-reentrant model


 *************** function _calc_bcc *****************
 Defined at:
		line 89 in file "comunicacao.c"
 Parameters:    Size  Location     Type
  data            2    0[COMRAM] PTR unsigned char 
		 -> main@dados(69), 
 Auto vars:     Size  Location     Type
  i               1    3[COMRAM] unsigned char 
  bcc             1    2[COMRAM] unsigned char 
 Return value:  Size  Location     Type
                  1    wreg      unsigned char 
 Registers used:
		wreg, fsr2l, fsr2h, status,2, status,0, prodl, prodh
 Tracked objects:
		On entry : 
		On exit  : 
		Unchanged: 
 Data sizes:     COMRAM   BANK0   BANK1   BANK2   BANK3   BANK4   BANK5   BANK6   BANK7
      Params:         2       0       0       0       0       0       0       0       0
      Locals:         2       0       0       0       0       0       0       0       0
      Temps:          0       0       0       0       0       0       0       0       0
      Totals:         4       0       0       0       0       0       0       0       0
Total ram usage:        4 bytes
 Hardware stack levels used:    1
 This function calls:
		Nothing
 This function is called by:
		_write_cmd
		_check_data
 This function uses a non-reentrant model



MODULE INFORMATION

Module		Function		Class		Link	Load	Size
shared
		__initialization		CODE           	7A22	0000	25

shared estimated size: 25

comunicacao.c
		_check_data    		CODE           	7C6A	0000	345
		_mk_msg        		CODE           	7AB6	0000	75
		_write_zero    		CODE           	7B00	0000	111
		_uart_check_rx 		CODE           	7A7A	0000	61
		_uart_init     		CODE           	7A04	0000	15
		_write_cmd     		CODE           	7B6E	0000	253
		_calc_bcc      		CODE           	7A44	0000	55
		_uart_send_byte		CODE           	7A12	0000	17

comunicacao.c estimated size: 932

main.c
		_main          		CODE           	7DC2	0000	575

main.c estimated size: 575

